// Jest Snapshot v1, https://goo.gl/fbAQLP

exports[`Chat matches snapshot 1`] = `
<View>
  <View
    style={
      Object {
        "alignSelf": "center",
        "backgroundColor": "#d2d2d2",
        "borderRadius": 15,
        "justifyContent": "center",
        "marginVertical": 5,
        "textAlign": "center",
      }
    }
  >
    <Text
      style={
        Object {
          "color": "#000",
          "padding": 5,
        }
      }
    >
      31th March, 2021
    </Text>
  </View>
  <View>
    <View
      style={
        Object {
          "alignSelf": "flex-end",
          "backgroundColor": "#0036D3",
          "borderRadius": 15,
          "margin": 3,
          "maxWidth": "80%",
          "padding": 8,
        }
      }
    >
      <Text
        style={
          Object {
            "color": "#FFFFFF",
          }
        }
      >
        Nice to meet you!
      </Text>
      <Text
        style={
          Object {
            "alignSelf": "flex-end",
            "color": "#FFFFFF",
            "fontSize": 11,
          }
        }
      >
        12:30
      </Text>
    </View>
  </View>
  <View>
    <View
      style={
        Object {
          "alignSelf": "flex-start",
          "backgroundColor": "#D2D2D2",
          "borderRadius": 15,
          "margin": 3,
          "maxWidth": "80%",
          "padding": 8,
        }
      }
    >
      <Text
        style={
          Object {
            "color": "#000000",
          }
        }
      >
        Nice to meet you!
      </Text>
      <Text
        style={
          Object {
            "alignSelf": "flex-start",
            "color": "#000000",
            "fontSize": 11,
          }
        }
      >
        12:32
      </Text>
    </View>
  </View>
  <View
    style={
      Object {
        "alignSelf": "center",
        "backgroundColor": "#d2d2d2",
        "borderRadius": 15,
        "justifyContent": "center",
        "marginVertical": 5,
        "textAlign": "center",
      }
    }
  >
    <Text
      style={
        Object {
          "color": "#000",
          "padding": 5,
        }
      }
    >
      1st April, 2021
    </Text>
  </View>
  <View>
    <View
      style={
        Object {
          "alignSelf": "flex-end",
          "backgroundColor": "#0036D3",
          "borderRadius": 15,
          "margin": 3,
          "maxWidth": "80%",
          "padding": 8,
        }
      }
    >
      <Text
        style={
          Object {
            "color": "#FFFFFF",
          }
        }
      >
        My name is Mandy
      </Text>
      <Text
        style={
          Object {
            "alignSelf": "flex-end",
            "color": "#FFFFFF",
            "fontSize": 11,
          }
        }
      >
        14:01
      </Text>
    </View>
  </View>
  <View>
    <View
      style={
        Object {
          "alignSelf": "flex-end",
          "backgroundColor": "#0036D3",
          "borderRadius": 15,
          "margin": 3,
          "maxWidth": "80%",
          "padding": 8,
        }
      }
    >
      <Text
        style={
          Object {
            "color": "#FFFFFF",
          }
        }
      >
        I am studying Mathematics
      </Text>
      <Text
        style={
          Object {
            "alignSelf": "flex-end",
            "color": "#FFFFFF",
            "fontSize": 11,
          }
        }
      >
        14:44
      </Text>
    </View>
  </View>
  <View>
    <View
      style={
        Object {
          "alignSelf": "flex-start",
          "backgroundColor": "#D2D2D2",
          "borderRadius": 15,
          "margin": 3,
          "maxWidth": "80%",
          "padding": 8,
        }
      }
    >
      <Text
        style={
          Object {
            "color": "#000000",
          }
        }
      >
        My name is Sophy
      </Text>
      <Text
        style={
          Object {
            "alignSelf": "flex-start",
            "color": "#000000",
            "fontSize": 11,
          }
        }
      >
        14:44
      </Text>
    </View>
  </View>
  <View>
    <View
      style={
        Object {
          "alignSelf": "flex-start",
          "backgroundColor": "#D2D2D2",
          "borderRadius": 15,
          "margin": 3,
          "maxWidth": "80%",
          "padding": 8,
        }
      }
    >
      <Text
        style={
          Object {
            "color": "#000000",
          }
        }
      >
        I am studying Statistics
      </Text>
      <Text
        style={
          Object {
            "alignSelf": "flex-start",
            "color": "#000000",
            "fontSize": 11,
          }
        }
      >
        14:45
      </Text>
    </View>
  </View>
  <View
    style={
      Object {
        "alignSelf": "center",
        "backgroundColor": "#d2d2d2",
        "borderRadius": 15,
        "justifyContent": "center",
        "marginVertical": 5,
        "textAlign": "center",
      }
    }
  >
    <Text
      style={
        Object {
          "color": "#000",
          "padding": 5,
        }
      }
    >
      Yesterday
    </Text>
  </View>
  <View>
    <View
      style={
        Object {
          "alignSelf": "flex-end",
          "backgroundColor": "#0036D3",
          "borderRadius": 15,
          "margin": 3,
          "maxWidth": "80%",
          "padding": 8,
        }
      }
    >
      <Text
        style={
          Object {
            "color": "#FFFFFF",
          }
        }
      >
        This is a long message XDDDDDDDDDDDDDDDDDDDDDDDDDDD
      </Text>
      <Text
        style={
          Object {
            "alignSelf": "flex-end",
            "color": "#FFFFFF",
            "fontSize": 11,
          }
        }
      >
        12:30
      </Text>
    </View>
  </View>
  <View>
    <View
      style={
        Object {
          "alignSelf": "flex-start",
          "backgroundColor": "#D2D2D2",
          "borderRadius": 15,
          "margin": 3,
          "maxWidth": "80%",
          "padding": 8,
        }
      }
    >
      <Text
        style={
          Object {
            "color": "#000000",
          }
        }
      >
        HAHA
      </Text>
      <Text
        style={
          Object {
            "alignSelf": "flex-start",
            "color": "#000000",
            "fontSize": 11,
          }
        }
      >
        12:32
      </Text>
    </View>
  </View>
  <View
    style={
      Object {
        "alignSelf": "center",
        "backgroundColor": "#d2d2d2",
        "borderRadius": 15,
        "justifyContent": "center",
        "marginVertical": 5,
        "textAlign": "center",
      }
    }
  >
    <Text
      style={
        Object {
          "color": "#000",
          "padding": 5,
        }
      }
    >
      Today
    </Text>
  </View>
  <View>
    <View
      style={
        Object {
          "alignSelf": "flex-start",
          "backgroundColor": "#D2D2D2",
          "borderRadius": 15,
          "margin": 3,
          "maxWidth": "80%",
          "padding": 8,
        }
      }
    >
      <Text
        style={
          Object {
            "color": "#000000",
          }
        }
      >
        Hi
      </Text>
      <Text
        style={
          Object {
            "alignSelf": "flex-start",
            "color": "#000000",
            "fontSize": 11,
          }
        }
      >
        12:30
      </Text>
    </View>
  </View>
  <View>
    <View
      style={
        Object {
          "alignSelf": "flex-end",
          "backgroundColor": "#0036D3",
          "borderRadius": 15,
          "margin": 3,
          "maxWidth": "80%",
          "padding": 8,
        }
      }
    >
      <Text
        style={
          Object {
            "color": "#FFFFFF",
          }
        }
      >
        hi
      </Text>
      <Text
        style={
          Object {
            "alignSelf": "flex-end",
            "color": "#FFFFFF",
            "fontSize": 11,
          }
        }
      >
        12:32
      </Text>
    </View>
  </View>
</View>
`;
