// Jest Snapshot v1, https://goo.gl/fbAQLP

exports[`CommentBox matches snapshot 1`] = `
<View
  style={
    Object {
      "backgroundColor": "white",
      "borderColor": "#F0F0F0",
      "borderRadius": 10,
      "borderWidth": 1,
      "flexDirection": "column",
    }
  }
>
  <View
    style={
      Object {
        "flexDirection": "row",
      }
    }
  >
    <View
      style={
        Object {
          "flex": 1,
          "flexDirection": "row",
        }
      }
    >
      <View
        style={
          Object {
            "flex": 1,
            "flexDirection": "row",
            "marginTop": 5,
          }
        }
      >
        <Image
          source={1}
          style={
            Object {
              "borderRadius": 28,
              "height": 32,
              "marginHorizontal": 8,
              "marginTop": 4,
              "width": 32,
            }
          }
        />
        <View
          style={
            Object {
              "flexDirection": "column",
            }
          }
        >
          <Text
            style={
              Object {
                "fontSize": 14,
                "fontWeight": "bold",
              }
            }
          >
            testac
          </Text>
          <Text
            style={
              Object {
                "fontSize": 10,
              }
            }
          >
            00:00  01/05/2021
          </Text>
          <Text>
            
          </Text>
        </View>
      </View>
      <View
        style={
          Object {
            "flex": 1,
            "flexDirection": "column",
          }
        }
      >
        <View
          style={
            Object {
              "alignSelf": "flex-end",
              "flexDirection": "row",
              "margin": 10,
            }
          }
        >
          <View
            accessible={true}
            focusable={true}
            onClick={[Function]}
            onResponderGrant={[Function]}
            onResponderMove={[Function]}
            onResponderRelease={[Function]}
            onResponderTerminate={[Function]}
            onResponderTerminationRequest={[Function]}
            onStartShouldSetResponder={[Function]}
            style={
              Object {
                "margin": 8,
                "opacity": 1,
              }
            }
          >
            <
              icon={
                Object {
                  "icon": Array [
                    448,
                    512,
                    Array [],
                    "f2ed",
                    "M32 464a48 48 0 0 0 48 48h288a48 48 0 0 0 48-48V128H32zm272-256a16 16 0 0 1 32 0v224a16 16 0 0 1-32 0zm-96 0a16 16 0 0 1 32 0v224a16 16 0 0 1-32 0zm-96 0a16 16 0 0 1 32 0v224a16 16 0 0 1-32 0zM432 32H312l-9.4-18.7A24 24 0 0 0 281.1 0H166.8a23.72 23.72 0 0 0-21.4 13.3L136 32H16A16 16 0 0 0 0 48v32a16 16 0 0 0 16 16h416a16 16 0 0 0 16-16V48a16 16 0 0 0-16-16z",
                  ],
                  "iconName": "trash-alt",
                  "prefix": "fas",
                }
              }
            />
          </View>
        </View>
      </View>
    </View>
  </View>
</View>
`;
