// Jest Snapshot v1, https://goo.gl/fbAQLP

exports[`CommentBox matches snapshot 1`] = `
<View
  style={
    Object {
      "backgroundColor": "white",
      "borderColor": "#f0f0f0",
      "borderRadius": 10,
      "borderWidth": 1,
      "flexDirection": "column",
      "padding": 4,
    }
  }
>
  <View
    style={
      Object {
        "flexDirection": "row",
      }
    }
  >
    <View
      style={
        Object {
          "flex": 1,
          "flexDirection": "row",
        }
      }
    >
      <View
        style={
          Object {
            "flex": 1,
            "flexDirection": "row",
            "marginTop": 5,
          }
        }
      >
        <Image
          source={1}
          style={
            Object {
              "borderRadius": 28,
              "height": 32,
              "marginHorizontal": 8,
              "marginTop": 4,
              "width": 32,
            }
          }
        />
        <View
          style={
            Object {
              "flexDirection": "column",
            }
          }
        >
          <Text
            style={
              Object {
                "fontSize": 14,
                "fontWeight": "bold",
              }
            }
          >
            testac
          </Text>
          <Text
            style={
              Object {
                "fontSize": 10,
              }
            }
          >
            00:00  01/05/2021
          </Text>
          <Text>
            
          </Text>
        </View>
      </View>
    </View>
  </View>
</View>
`;
