// Jest Snapshot v1, https://goo.gl/fbAQLP

exports[`Comment matches snapshot 1`] = `
<View
  style={
    Object {
      "alignSelf": "center",
      "backgroundColor": "#f8f8f8",
      "borderRadius": 15,
      "margin": 4,
      "width": "85%",
    }
  }
>
  <View
    style={
      Object {
        "flexDirection": "row",
      }
    }
  >
    <View
      style={
        Object {
          "flex": 1,
          "flexDirection": "row",
        }
      }
    >
      <View
        style={
          Object {
            "width": "15%",
          }
        }
      >
        <Text
          style={
            Object {
              "alignSelf": "flex-start",
              "fontFamily": "Roboto",
              "fontSize": 15,
              "marginLeft": 13,
              "marginVertical": 5,
            }
          }
        >
          #
        </Text>
      </View>
      <View
        style={
          Object {
            "flex": 1,
            "flexDirection": "row",
            "marginVertical": 20,
          }
        }
      >
        <Image
          source={1}
          style={
            Object {
              "borderRadius": 28,
              "height": 32,
              "marginHorizontal": 8,
              "marginTop": 4,
              "width": 32,
            }
          }
        />
        <View
          style={
            Object {
              "flexDirection": "column",
            }
          }
        >
          <Text
            style={
              Object {
                "fontSize": 18,
                "fontWeight": "bold",
              }
            }
          >
            testac
          </Text>
          <Text>
            Popularity: 
            0
          </Text>
        </View>
      </View>
    </View>
  </View>
</View>
`;
