// Jest Snapshot v1, https://goo.gl/fbAQLP

exports[`TagsPicker matches snapshot 1`] = `
<View>
  <View
    style={
      Object {
        "flexDirection": "column",
        "width": "100%",
      }
    }
  >
    <View
      style={
        Object {
          "alignSelf": "flex-start",
          "marginVertical": 5,
          "width": "20%",
        }
      }
    >
      <Text
        style={
          Object {
            "alignSelf": "center",
            "marginVertical": 5,
          }
        }
      >
        Tag: 
      </Text>
    </View>
    <View>
      <View
        style={
          Object {
            "alignSelf": "center",
            "marginVertical": 5,
            "width": "100%",
          }
        }
      >
        <RNCPicker
          items={
            Array [
              Object {
                "label": "Choose a tag",
                "textColor": undefined,
                "value": "",
              },
              Object {
                "label": "Academics",
                "textColor": undefined,
                "value": "Academics",
              },
              Object {
                "label": "Relationships",
                "textColor": undefined,
                "value": "Relationships",
              },
              Object {
                "label": "News",
                "textColor": undefined,
                "value": "News",
              },
              Object {
                "label": "CU-Related",
                "textColor": undefined,
                "value": "CU-Related",
              },
              Object {
                "label": "Entertainment",
                "textColor": undefined,
                "value": "Entertainment",
              },
              Object {
                "label": "Sports",
                "textColor": undefined,
                "value": "Sports",
              },
              Object {
                "label": "Gaming",
                "textColor": undefined,
                "value": "Gaming",
              },
              Object {
                "label": "Fasion",
                "textColor": undefined,
                "value": "Fashion",
              },
            ]
          }
          onChange={[Function]}
          selectedIndex={0}
          style={
            Array [
              Object {
                "height": 216,
              },
              undefined,
            ]
          }
        />
      </View>
    </View>
  </View>
</View>
`;
